I'm sorry, but errors were detected in your script. Please correct the
errors listed below, and try again.


File "game/script.rpy", line 19: expected 'image_name_component' not found.
    show   
           ^

Ren'Py Version: Ren'Py 8.3.7.25031702
Sun Jul  6 20:20:37 2025
